== pytest tests/ -q ==
  /Users/zhangtianxin/Desktop/TestAgent/testagent/reports/testcase_report.py:20: PytestCollectionWarning: cannot collect test class 'TestCaseReport' because it has a __init__ constructor (from: tests/test_web_app.py)
    class TestCaseReport(BaseReport[TestCaseReportInput]):

-- Docs: https://docs.pytest.org/en/stable/how-to/capture-warnings.html
583 passed, 6 warnings in 91.20s (0:01:31)
pytest_exit=0

== ruff check testagent/ tests/ ==
All checks passed!
ruff_exit=0

== ruff format --check ==
93 files already formatted
fmt_exit=0

== mypy testagent/ ==
Success: no issues found in 65 source files
mypy_exit=0

== testagent tasks validate --strict ==
✓ _example
✓ perf
validate_exit=0

== engine golden ==
................                                                         [100%]
16 passed in 0.40s
golden_exit=0

== arch gate (plan-l §6) ==
...                                                                      [100%]
3 passed in 0.47s
arch_exit=0
